<html>
<body>
<pre>
<h1>µVision Build Log</h1>
<h2>Tool Versions:</h2>
IDE-Version: µVision V5.17.0.0
Copyright (C) 2015 ARM Ltd and ARM Germany GmbH. All rights reserved.
License Information: Mia Nguyen, Individual, LIC=MPP74-F4Z7F-SY2VA-1JR3I-K5DIW-62T2I
 
Tool Versions:
Toolchain:       MDK-ARM Standard  Version: 5.17
Toolchain Path:  C:\Keil_v5\ARM\ARMCC\Bin
C Compiler:      Armcc.exe V5.06 update 1 (build 61)
Assembler:       Armasm.exe V5.06 update 1 (build 61)
Linker/Locator:  ArmLink.exe V5.06 update 1 (build 61)
Library Manager: ArmAr.exe V5.06 update 1 (build 61)
Hex Converter:   FromElf.exe V5.06 update 1 (build 61)
CPU DLL:         SARMCM3.DLL V5.17
Dialog DLL:      DCM.DLL V1.13.4.0
Target DLL:      STLink\ST-LINKIII-KEIL_SWO.dll V2.0.18.0
Dialog DLL:      TCM.DLL V1.14.6.0
 
<h2>Project:</h2>
C:\Users\HONG PHUC\Desktop\V.Anh\V.Anh\Tubular_Drum_0 - Copy (2)\Project\Tubular_Drum_0.uvprojx
Project File Date:  03/07/2019

<h2>Output:</h2>
*** Using Compiler 'V5.06 update 1 (build 61)', folder: 'C:\Keil_v5\ARM\ARMCC\Bin'
Build target 'Tubular_Drum_0'
compiling User_interrupt.c...
..\Source\Source_DIY\inc\User_interrupt.h(15): warning:  #1-D: last line of file ends without a newline
  #endif
..\Source\Source_DIY\inc\Usart_serial.h(17): warning:  #1-D: last line of file ends without a newline
  #endif
..\Source\Source_DIY\inc\GPIO_Configuration.h(14): warning:  #1-D: last line of file ends without a newline
  #endif
..\Source\Source_DIY\inc\GPIO_Configuration.h(14): warning:  #1-D: last line of file ends without a newline
  #endif
..\Source\Source_DIY\inc\DC_Motor_Control.h(13): warning:  #1-D: last line of file ends without a newline
  #endif
..\Source\Source_DIY\inc\DC_Motor_Control.h(13): warning:  #1-D: last line of file ends without a newline
  #endif
..\Source\Source_DIY\src\User_interrupt.c(134): warning:  #1-D: last line of file ends without a newline
  }		
..\Source\Source_DIY\src\User_interrupt.c: 7 warnings, 0 errors
linking...
Program Size: Code=8976 RO-data=268 RW-data=224 ZI-data=1160  
FromELF: creating hex file...
".\Objects\Tubular_Drum_0.axf" - 0 Error(s), 7 Warning(s).

<h2>Collection of Component include folders:</h2>
  C:\Users\HONG PHUC\Desktop\V.Anh\V.Anh\Tubular_Drum_0 - Copy (2)\Project\RTE
  C:\Keil_v5\ARM\PACK\Keil\STM32F1xx_DFP\2.2.0\Device\Include

<h2>Collection of Component Files used:</h2>
Build Time Elapsed:  00:00:01
</pre>
</body>
</html>
